schemata.go:21 Less "result 1 -> false" KILLED by TestComparisons,TestLessRedundant
schemata.go:21 Less "result 1 -> true" KILLED by TestComparisons,TestLessRedundant
schemata.go:21 Less "< -> <=" KILLED by TestComparisons,TestLessRedundant
schemata.go:21 Less "< -> >=" KILLED by TestComparisons,TestLessRedundant
schemata.go:22 LessEq "result 1 -> false" KILLED by TestComparisons
schemata.go:22 LessEq "result 1 -> true" KILLED by TestComparisons
schemata.go:22 LessEq "<= -> <" KILLED by TestComparisons
schemata.go:22 LessEq "<= -> >" KILLED by TestComparisons
schemata.go:23 Greater "result 1 -> false" KILLED by TestComparisons
schemata.go:23 Greater "result 1 -> true" KILLED by TestComparisons
schemata.go:23 Greater "> -> >=" KILLED by TestComparisons
schemata.go:23 Greater "> -> <=" KILLED by TestComparisons
schemata.go:24 GreaterEq "result 1 -> false" KILLED by TestComparisons
schemata.go:24 GreaterEq "result 1 -> true" KILLED by TestComparisons
schemata.go:24 GreaterEq ">= -> >" KILLED by TestComparisons
schemata.go:24 GreaterEq ">= -> <" KILLED by TestComparisons
schemata.go:24 GreaterEq "0 -> 1" NOT_VIABLE
schemata.go:25 ConstLeft "result 1 -> false" KILLED by TestComparisons
schemata.go:25 ConstLeft "result 1 -> true" KILLED by TestComparisons
schemata.go:25 ConstLeft "< -> <=" KILLED by TestComparisons
schemata.go:25 ConstLeft "< -> >=" KILLED by TestComparisons
schemata.go:25 ConstLeft "10 -> 11" KILLED by TestComparisons
schemata.go:26 IsNil "result 1 -> false" KILLED by TestComparisons
schemata.go:26 IsNil "result 1 -> true" KILLED by TestComparisons
schemata.go:26 IsNil "== -> !=" KILLED by TestComparisons
schemata.go:27 NotNil "result 1 -> false" KILLED by TestComparisons
schemata.go:27 NotNil "result 1 -> true" KILLED by TestComparisons
schemata.go:27 NotNil "!= -> ==" KILLED by TestComparisons
schemata.go:28 IsTarget "result 1 -> false" KILLED by TestComparisons
schemata.go:28 IsTarget "result 1 -> true" KILLED by TestComparisons
schemata.go:28 IsTarget "== -> !=" KILLED by TestComparisons
schemata.go:29 SameInterface "result 1 -> false" KILLED by TestComparisons
schemata.go:29 SameInterface "result 1 -> true" KILLED by TestComparisons
schemata.go:29 SameInterface "== -> !=" KILLED by TestComparisons
schemata.go:33 Add "result 1 -> 0" KILLED by TestArithmetic,TestTagged
schemata.go:33 Add "result 1 -> 1" KILLED by TestArithmetic,TestTagged
schemata.go:33 Add "+ -> -" KILLED by TestArithmetic,TestTagged
schemata.go:34 Sub "result 1 -> 0" KILLED by TestArithmetic
schemata.go:34 Sub "result 1 -> 1" KILLED by TestArithmetic
schemata.go:34 Sub "- -> +" KILLED by TestArithmetic
schemata.go:35 Scale "result 1 -> 0" KILLED by TestArithmetic
schemata.go:35 Scale "result 1 -> 1" KILLED by TestArithmetic
schemata.go:35 Scale "* -> /" KILLED by TestArithmetic
schemata.go:35 Scale "2 -> 3" NOT_VIABLE
schemata.go:36 Div "result 1 -> 0" KILLED by TestArithmetic
schemata.go:36 Div "result 1 -> 1" KILLED by TestArithmetic
schemata.go:36 Div "/ -> *" KILLED by TestArithmetic
schemata.go:37 Mod "result 1 -> 0" KILLED by TestArithmetic
schemata.go:37 Mod "result 1 -> 1" KILLED by TestArithmetic
schemata.go:37 Mod "% -> *" KILLED by TestArithmetic
schemata.go:38 MulComplex "result 1 -> 0" KILLED by TestArithmetic
schemata.go:38 MulComplex "result 1 -> 1" KILLED by TestArithmetic
schemata.go:38 MulComplex "* -> /" KILLED by TestArithmetic
schemata.go:39 Half "result 1 -> 0" KILLED by TestArithmetic
schemata.go:39 Half "result 1 -> 1" KILLED by TestArithmetic
schemata.go:39 Half "* -> /" KILLED by TestArithmetic
schemata.go:39 Half "0.5 -> 1.5" KILLED by TestArithmetic
schemata.go:40 Sum "+ -> -" KILLED by TestArithmetic
schemata.go:41 Shift "result 1 -> 0" KILLED by TestArithmetic
schemata.go:41 Shift "result 1 -> 1" KILLED by TestArithmetic
schemata.go:41 Shift "+ -> -" KILLED by TestArithmetic
schemata.go:41 Shift "<< -> >>" NOT_VIABLE
schemata.go:41 Shift "1 -> 2" KILLED by TestArithmetic
schemata.go:41 Shift "1 -> 2" KILLED by TestArithmetic
schemata.go:45 And "result 1 -> false" KILLED by TestLogical
schemata.go:45 And "result 1 -> true" KILLED by TestLogical
schemata.go:45 And "&& -> ||" KILLED by TestLogical
schemata.go:46 Or "result 1 -> false" KILLED by TestLogical
schemata.go:46 Or "result 1 -> true" KILLED by TestLogical
schemata.go:46 Or "|| -> &&" KILLED by TestLogical
schemata.go:47 Between "result 1 -> false" KILLED by TestLogical
schemata.go:47 Between "result 1 -> true" KILLED by TestLogical
schemata.go:47 Between "|| -> &&" KILLED by TestLogical
schemata.go:47 Between "&& -> ||" KILLED by TestLogical
schemata.go:47 Between "< -> <=" KILLED by TestLogical
schemata.go:47 Between "< -> >=" KILLED by TestLogical
schemata.go:47 Between "< -> <=" KILLED by TestLogical
schemata.go:47 Between "< -> >=" KILLED by TestLogical
schemata.go:47 Between "== -> !=" KILLED by TestLogical
schemata.go:51 Sign "cond -> !(cond)" KILLED by TestStatements,TestRegression_Sign
schemata.go:51 Sign "cond -> true" KILLED by TestStatements,TestRegression_Sign
schemata.go:51 Sign "cond -> false" KILLED by TestStatements,TestRegression_Sign
schemata.go:51 Sign "if body -> empty" KILLED by TestStatements,TestRegression_Sign
schemata.go:51 Sign "> -> >=" KILLED by TestStatements,TestRegression_Sign
schemata.go:51 Sign "> -> <=" KILLED by TestStatements,TestRegression_Sign
schemata.go:51 Sign "0 -> 1" KILLED by TestStatements,TestRegression_Sign
schemata.go:52 Sign "result 1 -> 0" KILLED by TestStatements,TestRegression_Sign
schemata.go:52 Sign "1 -> 2" KILLED by TestStatements,TestRegression_Sign
schemata.go:54 Sign "result 1 -> 0" KILLED by TestStatements,TestRegression_Sign
schemata.go:54 Sign "result 1 -> 1" KILLED by TestStatements,TestRegression_Sign
schemata.go:54 Sign "-x -> x" NOT_VIABLE
schemata.go:54 Sign "1 -> 2" KILLED by TestStatements,TestRegression_Sign
schemata.go:58 CountTo "0 -> 1" KILLED by TestStatements
schemata.go:59 CountTo "cond -> !(cond)" KILLED by TestStatements
schemata.go:59 CountTo "cond -> false" KILLED by TestStatements
schemata.go:59 CountTo "0 -> 1" KILLED by TestStatements
schemata.go:59 CountTo "< -> <=" KILLED by TestStatements
schemata.go:59 CountTo "< -> >=" KILLED by TestStatements
schemata.go:59 CountTo "++ -> --" TIMEOUT by TestStatements
schemata.go:60 CountTo "++ -> --" KILLED by TestStatements
schemata.go:62 CountTo "result 1 -> 0" KILLED by TestStatements
schemata.go:62 CountTo "result 1 -> 1" KILLED by TestStatements
schemata.go:65 Tally "++ -> --" KILLED by TestStatements
schemata.go:67 Decrement "-- -> ++" KILLED by TestStatements
schemata.go:71 (*Counter).Inc "++ -> --" KILLED by TestStatements
schemata.go:75 Classify "case body -> empty" NOT_VIABLE
schemata.go:75 Classify "< -> <=" KILLED by TestStatements
schemata.go:75 Classify "< -> >=" KILLED by TestStatements
schemata.go:75 Classify "0 -> 1" KILLED by TestStatements
schemata.go:76 Classify "result 1 -> \"\"" KILLED by TestStatements
schemata.go:76 Classify "result 1 -> \"mutrim\"" KILLED by TestStatements
schemata.go:76 Classify "\"negative\" -> \"\"" KILLED by TestStatements
schemata.go:78 Classify "result 1 -> \"\"" KILLED by TestStatements
schemata.go:78 Classify "result 1 -> \"mutrim\"" KILLED by TestStatements
schemata.go:78 Classify "\"non-negative\" -> \"\"" KILLED by TestStatements
schemata.go:81 Pair "result 1 -> 0" KILLED by TestStatements
schemata.go:81 Pair "result 1 -> 1" KILLED by TestStatements
schemata.go:81 Pair "return -> zero values" KILLED by TestStatements
schemata.go:86 Halve "cond -> !(cond)" KILLED by TestStatements
schemata.go:86 Halve "cond -> true" KILLED by TestStatements
schemata.go:86 Halve "cond -> false" KILLED by TestStatements
schemata.go:86 Halve "if body -> empty" KILLED by TestStatements
schemata.go:86 Halve "!= -> ==" KILLED by TestStatements
schemata.go:86 Halve "% -> *" KILLED by TestStatements
schemata.go:86 Halve "2 -> 3" KILLED by TestStatements
schemata.go:86 Halve "0 -> 1" KILLED by TestStatements
schemata.go:87 Halve "result 1 -> 1" KILLED by TestStatements
schemata.go:87 Halve "result 2 -> nil" KILLED by TestStatements
schemata.go:87 Halve "return -> zero values" KILLED by TestStatements
schemata.go:87 Halve "0 -> 1" KILLED by TestStatements
schemata.go:89 Halve "result 1 -> 0" KILLED by TestStatements
schemata.go:89 Halve "result 1 -> 1" KILLED by TestStatements
schemata.go:89 Halve "return -> zero values" KILLED by TestStatements
schemata.go:89 Halve "/ -> *" KILLED by TestStatements
schemata.go:89 Halve "2 -> 3" KILLED by TestStatements
schemata.go:92 IsEmpty "result 1 -> false" KILLED by TestStatements
schemata.go:92 IsEmpty "result 1 -> true" KILLED by TestStatements
schemata.go:92 IsEmpty "== -> !=" KILLED by TestStatements
schemata.go:92 IsEmpty "0 -> 1" KILLED by TestStatements
schemata.go:94 NotEmpty "result 1 -> false" KILLED by TestStatements
schemata.go:94 NotEmpty "result 1 -> true" KILLED by TestStatements
schemata.go:94 NotEmpty "!x -> x" KILLED by TestStatements
schemata.go:99 SkipConst "* -> /" NOT_VIABLE
schemata.go:100 SkipConst "result 1 -> 0" KILLED by TestSkipped
schemata.go:100 SkipConst "result 1 -> 1" KILLED by TestSkipped
schemata.go:103 SkipNamedBool "result 1 -> false" KILLED by TestSkipped
schemata.go:103 SkipNamedBool "result 1 -> true" KILLED by TestSkipped
schemata.go:103 SkipNamedBool "< -> <=" NOT_VIABLE
schemata.go:103 SkipNamedBool "< -> >=" NOT_VIABLE
schemata.go:105 SkipNamedBoolOperands "result 1 -> false" KILLED by TestSkipped
schemata.go:105 SkipNamedBoolOperands "result 1 -> true" KILLED by TestSkipped
schemata.go:105 SkipNamedBoolOperands "&& -> ||" NOT_VIABLE
schemata.go:108 SkipRecover "store -> dropped" KILLED by TestSkipped
schemata.go:108 SkipRecover "|| -> &&" NOT_VIABLE
schemata.go:108 SkipRecover "!= -> ==" KILLED by TestSkipped
schemata.go:109 SkipRecover "call -> removed" KILLED by TestSkipped
schemata.go:110 SkipRecover "result 1 -> true" KILLED by TestSkipped
schemata.go:110 SkipRecover "false -> true" KILLED by TestSkipped
schemata.go:114 SkipMapPost "cond -> !(cond)" KILLED by TestSkipped
schemata.go:114 SkipMapPost "cond -> false" KILLED by TestSkipped
schemata.go:114 SkipMapPost "< -> <=" KILLED by TestSkipped
schemata.go:114 SkipMapPost "< -> >=" KILLED by TestSkipped
schemata.go:114 SkipMapPost "3 -> 4" KILLED by TestSkipped
schemata.go:114 SkipMapPost "++ -> --" NOT_VIABLE
schemata.go:119 Mask "result 1 -> 0" KILLED by TestBitwise
schemata.go:119 Mask "result 1 -> 1" KILLED by TestBitwise
schemata.go:119 Mask "& -> |" KILLED by TestBitwise
schemata.go:120 Either "result 1 -> 0" KILLED by TestBitwise
schemata.go:120 Either "result 1 -> 1" KILLED by TestBitwise
schemata.go:120 Either "| -> &" KILLED by TestBitwise
schemata.go:121 Shl "result 1 -> 0" KILLED by TestBitwise
schemata.go:121 Shl "result 1 -> 1" KILLED by TestBitwise
schemata.go:121 Shl "<< -> >>" KILLED by TestBitwise
schemata.go:122 Negate "result 1 -> 0" KILLED by TestBitwise
schemata.go:122 Negate "result 1 -> 1" KILLED by TestBitwise
schemata.go:122 Negate "-x -> x" KILLED by TestBitwise
schemata.go:126 Record "store -> dropped" KILLED by TestCalls
schemata.go:129 Twice "call -> removed" KILLED by TestCalls
schemata.go:129 Twice "\"a\" -> \"\"" KILLED by TestCalls
schemata.go:130 Twice "call -> removed" KILLED by TestCalls
schemata.go:130 Twice "\"b\" -> \"\"" KILLED by TestCalls
schemata.go:134 SkipInitCall "0 -> 1" KILLED by TestCalls
schemata.go:135 SkipInitCall "cond -> !(cond)" KILLED by TestCalls
schemata.go:135 SkipInitCall "cond -> false" KILLED by TestCalls
schemata.go:135 SkipInitCall "call -> removed" NOT_VIABLE
schemata.go:135 SkipInitCall "\"init\" -> \"\"" KILLED by TestCalls
schemata.go:135 SkipInitCall "< -> <=" KILLED by TestCalls
schemata.go:135 SkipInitCall "< -> >=" KILLED by TestCalls
schemata.go:135 SkipInitCall "2 -> 3" KILLED by TestCalls
schemata.go:135 SkipInitCall "call -> removed" NOT_VIABLE
schemata.go:135 SkipInitCall "\"post\" -> \"\"" KILLED by TestCalls
schemata.go:136 SkipInitCall "+= -> -=" TIMEOUT by TestCalls
schemata.go:136 SkipInitCall "+= -> =" TIMEOUT by TestCalls
schemata.go:136 SkipInitCall "1 -> 2" KILLED by TestCalls
schemata.go:138 SkipInitCall "result 1 -> 0" KILLED by TestCalls
schemata.go:138 SkipInitCall "result 1 -> 1" KILLED by TestCalls
schemata.go:142 SkipNamedBoolCond "cond -> !(cond)" NOT_VIABLE
schemata.go:142 SkipNamedBoolCond "cond -> true" NOT_VIABLE
schemata.go:142 SkipNamedBoolCond "cond -> false" NOT_VIABLE
schemata.go:142 SkipNamedBoolCond "if body -> empty" KILLED by TestCalls
schemata.go:143 SkipNamedBoolCond "result 1 -> 0" KILLED by TestCalls
schemata.go:143 SkipNamedBoolCond "1 -> 2" KILLED by TestCalls
schemata.go:145 SkipNamedBoolCond "result 1 -> 1" KILLED by TestCalls
schemata.go:145 SkipNamedBoolCond "0 -> 1" KILLED by TestCalls
schemata.go:152 Offset "result 1 -> 0" KILLED by TestConstants
schemata.go:152 Offset "result 1 -> 1" KILLED by TestConstants
schemata.go:152 Offset "+ -> -" KILLED by TestConstants
schemata.go:152 Offset "1 -> 2" KILLED by TestConstants
schemata.go:153 Quarter "result 1 -> 0" KILLED by TestConstants
schemata.go:153 Quarter "result 1 -> 1" KILLED by TestConstants
schemata.go:153 Quarter "* -> /" KILLED by TestConstants
schemata.go:153 Quarter "0.25 -> 1.25" KILLED by TestConstants
schemata.go:154 SkipNamedConst "result 1 -> 0" KILLED by TestConstants
schemata.go:154 SkipNamedConst "result 1 -> 1" KILLED by TestConstants
schemata.go:154 SkipNamedConst "+ -> -" KILLED by TestConstants
schemata.go:154 SkipNamedConst "1 -> 2" NOT_VIABLE
schemata.go:155 Boxed "result 1 -> nil" KILLED by TestConstants
schemata.go:155 Boxed "7 -> 8" KILLED by TestConstants
schemata.go:156 SkipShiftConst "result 1 -> 0" KILLED by TestConstants
schemata.go:156 SkipShiftConst "result 1 -> 1" KILLED by TestConstants
schemata.go:156 SkipShiftConst "+ -> -" KILLED by TestConstants
schemata.go:156 SkipShiftConst "<< -> >>" NOT_VIABLE
schemata.go:156 SkipShiftConst "1 -> 2" NOT_VIABLE
schemata.go:156 SkipShiftConst "2 -> 3" NOT_VIABLE
schemata.go:157 NoSiteArrayLen "result 1 -> 0" KILLED by TestConstants
schemata.go:157 NoSiteArrayLen "result 1 -> 1" KILLED by TestConstants
schemata.go:158 NoSiteArrayKey "result 1 -> 0" KILLED by TestConstants
schemata.go:158 NoSiteArrayKey "result 1 -> 1" KILLED by TestConstants
schemata.go:158 NoSiteArrayKey "elements -> none" KILLED by TestConstants
schemata.go:158 NoSiteArrayKey "9 -> 10" KILLED by TestConstants
schemata.go:158 NoSiteArrayKey "3 -> 4" KILLED by TestConstants
schemata.go:163 FirstEven "range -> no iteration" KILLED by TestLoops
schemata.go:164 FirstEven "cond -> !(cond)" KILLED by TestLoops
schemata.go:164 FirstEven "cond -> true" KILLED by TestLoops
schemata.go:164 FirstEven "cond -> false" KILLED by TestLoops
schemata.go:164 FirstEven "if body -> empty" KILLED by TestLoops
schemata.go:164 FirstEven "!= -> ==" KILLED by TestLoops
schemata.go:164 FirstEven "% -> *" KILLED by TestLoops
schemata.go:164 FirstEven "2 -> 3" KILLED by TestLoops
schemata.go:164 FirstEven "0 -> 1" KILLED by TestLoops
schemata.go:165 FirstEven "continue -> break" KILLED by TestLoops
schemata.go:167 FirstEven "result 1 -> 0" KILLED by TestLoops
schemata.go:167 FirstEven "result 1 -> 1" KILLED by TestLoops
schemata.go:169 FirstEven "result 1 -> 0" KILLED by TestLoops
schemata.go:169 FirstEven "result 1 -> 1" KILLED by TestLoops
schemata.go:169 FirstEven "-x -> x" NOT_VIABLE
schemata.go:169 FirstEven "1 -> 2" KILLED by TestLoops
schemata.go:173 CountUntil "0 -> 1" KILLED by TestLoops
schemata.go:174 CountUntil "range -> no iteration" KILLED by TestLoops
schemata.go:175 CountUntil "cond -> !(cond)" KILLED by TestLoops
schemata.go:175 CountUntil "cond -> true" KILLED by TestLoops
schemata.go:175 CountUntil "cond -> false" KILLED by TestLoops
schemata.go:175 CountUntil "if body -> empty" KILLED by TestLoops
schemata.go:175 CountUntil "== -> !=" KILLED by TestLoops
schemata.go:176 CountUntil "break -> continue" KILLED by TestLoops
schemata.go:178 CountUntil "++ -> --" KILLED by TestLoops
schemata.go:180 CountUntil "result 1 -> 0" KILLED by TestLoops
schemata.go:180 CountUntil "result 1 -> 1" KILLED by TestLoops
schemata.go:187 Bound "cond -> !(cond)" KILLED by TestBranches
schemata.go:187 Bound "cond -> true" KILLED by TestBranches
schemata.go:187 Bound "cond -> false" KILLED by TestBranches
schemata.go:187 Bound "if body -> empty" KILLED by TestBranches
schemata.go:189 Bound "else body -> empty" KILLED by TestBranches
schemata.go:187 Bound "< -> <=" KILLED by TestBranches
schemata.go:187 Bound "< -> >=" KILLED by TestBranches
schemata.go:188 Bound "store -> dropped" KILLED by TestBranches
schemata.go:190 Bound "store -> dropped" KILLED by TestBranches
schemata.go:190 Bound "+ -> -" KILLED by TestBranches
schemata.go:190 Bound "1 -> 2" KILLED by TestBranches
schemata.go:192 Bound "result 1 -> 0" KILLED by TestBranches
schemata.go:192 Bound "result 1 -> 1" KILLED by TestBranches
schemata.go:196 Describe "\"zero\" -> \"\"" KILLED by TestBranches
schemata.go:198 Describe "case body -> empty" KILLED by TestBranches
schemata.go:198 Describe "< -> <=" KILLED by TestBranches
schemata.go:198 Describe "< -> >=" KILLED by TestBranches
schemata.go:198 Describe "0 -> 1" KILLED by TestBranches
schemata.go:199 Describe "store -> dropped" KILLED by TestBranches
schemata.go:199 Describe "\"negative\" -> \"\"" KILLED by TestBranches
schemata.go:200 Describe "case body -> empty" KILLED by TestBranches
schemata.go:200 Describe "> -> >=" KILLED by TestBranches
schemata.go:200 Describe "> -> <=" KILLED by TestBranches
schemata.go:200 Describe "0 -> 1" KILLED by TestBranches
schemata.go:201 Describe "store -> dropped" KILLED by TestBranches
schemata.go:201 Describe "\"positive\" -> \"\"" KILLED by TestBranches
schemata.go:202 Describe "default body -> empty" KILLED by TestBranches
schemata.go:203 Describe "+= -> -=" NOT_VIABLE
schemata.go:203 Describe "+= -> =" KILLED by TestBranches
schemata.go:203 Describe "\"!\" -> \"\"" KILLED by TestBranches
schemata.go:205 Describe "result 1 -> \"\"" KILLED by TestBranches
schemata.go:205 Describe "result 1 -> \"mutrim\"" KILLED by TestBranches
schemata.go:209 Drain "0 -> 1" KILLED by TestBranches
schemata.go:212 Drain "case body -> empty" KILLED by TestBranches
schemata.go:213 Drain "++ -> --" KILLED by TestBranches
schemata.go:214 Drain "default body -> empty" NOT_VIABLE
schemata.go:215 Drain "result 1 -> 0" KILLED by TestBranches
schemata.go:215 Drain "result 1 -> 1" KILLED by TestBranches
schemata.go:222 Prefixed "result 1 -> false" KILLED by TestLibrary
schemata.go:222 Prefixed "result 1 -> true" KILLED by TestLibrary
schemata.go:222 Prefixed "HasPrefix -> HasSuffix" KILLED by TestLibrary
schemata.go:222 Prefixed "\"go\" -> \"\"" KILLED by TestLibrary
schemata.go:224 Smallest "result 1 -> 0" KILLED by TestLibrary
schemata.go:224 Smallest "result 1 -> 1" KILLED by TestLibrary
schemata.go:224 Smallest "Min -> Max" NOT_VIABLE
schemata.go:235 NewConfig "elements -> none" KILLED by TestLibrary
schemata.go:235 NewConfig "\"a\" -> \"\"" KILLED by TestLibrary
schemata.go:235 NewConfig "true -> false" KILLED by TestLibrary
schemata.go:235 NewConfig "2 -> 3" KILLED by TestLibrary
schemata.go:236 NewConfig "store -> dropped" KILLED by TestLibrary
schemata.go:237 NewConfig "*= -> /=" KILLED by TestLibrary
schemata.go:237 NewConfig "*= -> =" KILLED by TestLibrary
schemata.go:237 NewConfig "3 -> 4" KILLED by TestLibrary
schemata.go:242 Untested "result 1 -> 0" NO_COVERAGE
schemata.go:242 Untested "result 1 -> 1" NO_COVERAGE
schemata.go:242 Untested "+ -> -" NO_COVERAGE
schemata.go:242 Untested "1 -> 2" NO_COVERAGE
schemata.go:248 Disabled "result 1 -> 0" IGNORED
schemata.go:248 Disabled "result 1 -> 1" IGNORED
schemata.go:248 Disabled "+ -> -" IGNORED
schemata.go:248 Disabled "1 -> 2" IGNORED
