bitwise.go:3:36 Mask return "return -> zero values" viable=true | func Mask(a, b uint8) uint8      { return 0 }
bitwise.go:3:45 Mask bitwise "& -> |" viable=true | func Mask(a, b uint8) uint8      { return a | b }
bitwise.go:4:36 Either return "return -> zero values" viable=true | func Either(a, b int) int        { return 0 }
bitwise.go:4:45 Either bitwise "| -> &" viable=true | func Either(a, b int) int        { return a & b }
bitwise.go:5:36 Xor return "return -> zero values" viable=true | func Xor(a, b int) int           { return 0 }
bitwise.go:5:45 Xor bitwise "^ -> &" viable=true | func Xor(a, b int) int           { return a & b }
bitwise.go:6:36 Clear return "return -> zero values" viable=true | func Clear(a, b int) int         { return 0 }
bitwise.go:6:45 Clear bitwise "&^ -> &" viable=true | func Clear(a, b int) int         { return a & b }
bitwise.go:7:36 Shl return "return -> zero values" viable=true | func Shl(a int64, n uint) int64  { return 0 }
bitwise.go:7:45 Shl bitwise "<< -> >>" viable=true | func Shl(a int64, n uint) int64  { return a >> n }
bitwise.go:8:36 Shr return "return -> zero values" viable=true | func Shr(a uint32, n int) uint32 { return 0 }
bitwise.go:8:45 Shr bitwise ">> -> <<" viable=true | func Shr(a uint32, n int) uint32 { return a << n }
bitwise.go:11:33 ConstShift return "return -> zero values" viable=true | func ConstShift(n uint) int64 { return 0 }
bitwise.go:11:42 ConstShift bitwise "<< -> >>" viable=true | func ConstShift(n uint) int64 { return 1 >> n }
bitwise.go:13:36 Neg return "return -> zero values" viable=true | func Neg(x int) int              { return 0 }
bitwise.go:13:43 Neg negatives "-x -> x" viable=true | func Neg(x int) int              { return +x }
bitwise.go:14:36 NegFloat return "return -> zero values" viable=true | func NegFloat(x float64) float64 { return 0 }
bitwise.go:14:46 NegFloat arithmetic "+ -> -" viable=true | func NegFloat(x float64) float64 { return -x - 1 }
bitwise.go:14:43 NegFloat negatives "-x -> x" viable=true | func NegFloat(x float64) float64 { return +x + 1 }
bitwise.go:17:23 NegConst return "return -> zero values" viable=true | func NegConst() int { return 0 }
bitwise.go:17:30 NegConst negatives "-x -> x" viable=true | func NegConst() int { return +5 }
