control.go:5:14 Sum negation "cond -> !(cond)" viable=true | for i := 0; !(i < len(xs)); i++ {
control.go:5:16 Sum relational "< -> <=" viable=true | for i := 0; i <= len(xs); i++ {
control.go:5:27 Sum incdec "++ -> --" viable=true | for i := 0; i < len(xs); i-- {
control.go:6:6 Sum negation "cond -> !(cond)" viable=true | if !(xs[i] > 0) {
control.go:6:12 Sum relational "> -> >=" viable=true | if xs[i] >= 0 {
control.go:10:6 Sum negation "cond -> !(cond)" viable=true | for !(total > 100) {
control.go:10:12 Sum relational "> -> >=" viable=true | for total >= 100 {
control.go:11:3 Sum incdec "-- -> ++" viable=true | total++
control.go:16:2 Sum return "return -> zero values" viable=true | return 0
control.go:22:2 (*Counter).Inc incdec "++ -> --" viable=true | c.n--
control.go:26:2 Closure return "return -> zero values" viable=true | return nil
control.go:27:6 Closure negation "cond -> !(cond)" viable=true | if !(true) {
control.go:30:3 Closure return "return -> zero values" viable=true | return false
