literal.go:18:11 Message string "\"\" -> \"mutrim\"" viable=true | empty := "mutrim"
literal.go:19:2 Message return "result 1 -> \"\"" viable=true | return ""
literal.go:19:2 Message return "result 1 -> \"mutrim\"" viable=true | return "mutrim"
literal.go:19:47 Message arithmetic "+ -> -" viable=false | return prefix + tagged.Name + string(buf[:]) - empty
literal.go:19:30 Message arithmetic "+ -> -" viable=false | return prefix + tagged.Name - string(buf[:]) + empty
literal.go:19:16 Message arithmetic "+ -> -" viable=false | return prefix - tagged.Name + string(buf[:]) + empty
literal.go:25:22 Named return "result 1 -> \"\"" viable=true | func Named() Label { return "" }
literal.go:25:22 Named return "result 1 -> \"mutrim\"" viable=true | func Named() Label { return "mutrim" }
literal.go:25:29 Named string "\"label\" -> \"\"" viable=true | func Named() Label { return "" }
literal.go:31:5 Flags negation "cond -> !(cond)" viable=true | if !(always && on) {
literal.go:31:5 Flags condition "cond -> true" viable=true | if true {
literal.go:31:5 Flags condition "cond -> false" viable=true | if false {
literal.go:31:18 Flags branch "if body -> empty" viable=true | if always && on {
literal.go:31:12 Flags logical "&& -> ||" viable=true | if always || on {
literal.go:32:3 Flags return "result 1 -> true" viable=true | return true, true
literal.go:32:3 Flags return "result 2 -> false" viable=true | return false, false
literal.go:32:3 Flags return "return -> zero values" viable=true | return false, false
literal.go:32:10 Flags boolean "false -> true" viable=true | return true, true
literal.go:32:17 Flags boolean "true -> false" viable=true | return false, false
literal.go:34:2 Flags return "result 1 -> false" viable=true | return false, false
literal.go:34:2 Flags return "result 2 -> true" viable=true | return true, true
literal.go:34:2 Flags return "return -> zero values" viable=true | return false, false
literal.go:34:9 Flags boolean "true -> false" viable=true | return false, false
literal.go:34:15 Flags boolean "false -> true" viable=true | return true, true
literal.go:41:2 Table return "result 1 -> nil" viable=true | return nil
literal.go:41:9 Table composite "elements -> none" viable=true | return map[string][]int{}
literal.go:41:26 Table string "\"a\" -> \"\"" viable=true | return map[string][]int{"": {1, 2}}
literal.go:41:31 Table composite "elements -> none" viable=true | return map[string][]int{"a": {}}
literal.go:41:32 Table constant "1 -> 2" viable=true | return map[string][]int{"a": {2, 2}}
literal.go:41:35 Table constant "2 -> 3" viable=true | return map[string][]int{"a": {1, 3}}
literal.go:44:22 Defined return "result 1 -> nil" viable=true | func Defined() IDs { return nil }
literal.go:44:29 Defined composite "elements -> none" viable=true | func Defined() IDs { return IDs{} }
literal.go:44:33 Defined constant "1 -> 2" viable=true | func Defined() IDs { return IDs{2, 2} }
literal.go:44:36 Defined constant "2 -> 3" viable=true | func Defined() IDs { return IDs{1, 3} }
literal.go:47:2 Structs return "result 1 -> nil" viable=true | return nil
literal.go:47:9 Structs composite "elements -> none" viable=true | return []struct{ N int }{}
literal.go:47:31 Structs constant "1 -> 2" viable=true | return []struct{ N int }{{N: 2}}
