relational.go:4:2 Cmp return "result 1 -> false" viable=true | return false, a <= b, a > b, a >= b, a == b, a != b
relational.go:4:2 Cmp return "result 1 -> true" viable=true | return true, a <= b, a > b, a >= b, a == b, a != b
relational.go:4:2 Cmp return "result 2 -> false" viable=true | return a < b, false, a > b, a >= b, a == b, a != b
relational.go:4:2 Cmp return "result 2 -> true" viable=true | return a < b, true, a > b, a >= b, a == b, a != b
relational.go:4:2 Cmp return "result 3 -> false" viable=true | return a < b, a <= b, false, a >= b, a == b, a != b
relational.go:4:2 Cmp return "result 3 -> true" viable=true | return a < b, a <= b, true, a >= b, a == b, a != b
relational.go:4:2 Cmp return "result 4 -> false" viable=true | return a < b, a <= b, a > b, false, a == b, a != b
relational.go:4:2 Cmp return "result 4 -> true" viable=true | return a < b, a <= b, a > b, true, a == b, a != b
relational.go:4:2 Cmp return "result 5 -> false" viable=true | return a < b, a <= b, a > b, a >= b, false, a != b
relational.go:4:2 Cmp return "result 5 -> true" viable=true | return a < b, a <= b, a > b, a >= b, true, a != b
relational.go:4:2 Cmp return "result 6 -> false" viable=true | return a < b, a <= b, a > b, a >= b, a == b, false
relational.go:4:2 Cmp return "result 6 -> true" viable=true | return a < b, a <= b, a > b, a >= b, a == b, true
relational.go:4:2 Cmp return "return -> zero values" viable=true | return false, false, false, false, false, false
relational.go:4:11 Cmp relational "< -> <=" viable=true | return a <= b, a <= b, a > b, a >= b, a == b, a != b
relational.go:4:11 Cmp invert "< -> >=" viable=true | return a >= b, a <= b, a > b, a >= b, a == b, a != b
relational.go:4:18 Cmp relational "<= -> <" viable=true | return a < b, a < b, a > b, a >= b, a == b, a != b
relational.go:4:18 Cmp invert "<= -> >" viable=true | return a < b, a > b, a > b, a >= b, a == b, a != b
relational.go:4:26 Cmp relational "> -> >=" viable=true | return a < b, a <= b, a >= b, a >= b, a == b, a != b
relational.go:4:26 Cmp invert "> -> <=" viable=true | return a < b, a <= b, a <= b, a >= b, a == b, a != b
relational.go:4:33 Cmp relational ">= -> >" viable=true | return a < b, a <= b, a > b, a > b, a == b, a != b
relational.go:4:33 Cmp invert ">= -> <" viable=true | return a < b, a <= b, a > b, a < b, a == b, a != b
relational.go:4:41 Cmp relational "== -> !=" viable=true | return a < b, a <= b, a > b, a >= b, a != b, a != b
relational.go:4:49 Cmp relational "!= -> ==" viable=true | return a < b, a <= b, a > b, a >= b, a == b, a == b
