ret.go:12:29 Basic return "return -> zero values" viable=true | func Basic(x int) int     { return 0 }
ret.go:13:29 Str return "return -> zero values" viable=true | func Str(s string) string { return "" }
ret.go:14:29 Bool return "return -> zero values" viable=true | func Bool(b bool) bool    { return false }
ret.go:15:29 Ptr return "return -> zero values" viable=true | func Ptr(p *int) *int     { return nil }
ret.go:16:29 Slice return "return -> zero values" viable=true | func Slice(s []int) []int { return nil }
ret.go:20:48 Err return "return -> zero values" viable=true | func Err() error                             { return nil }
ret.go:21:48 Named return "return -> zero values" viable=true | func Named(x ID) ID                          { return 0 }
ret.go:22:48 Multi return "return -> zero values" viable=true | func Multi(x int) (int, error)               { return 0, nil }
ret.go:23:48 Fn return "return -> zero values" viable=true | func Fn() func()                             { return nil }
ret.go:24:48 Unsafe return "return -> zero values" viable=true | func Unsafe(p unsafe.Pointer) unsafe.Pointer { return nil }
ret.go:30:43 AlreadyZero constant "0 -> 1" viable=true | func AlreadyZero() (int, error)  { return 1, nil }
