stmt.go:7:20 count return "return -> zero values" viable=true | func count() int { return 0 }
stmt.go:10:2 Step voidcall "call -> removed" viable=true | func() {
stmt.go:11:5 Step negation "cond -> !(cond)" viable=true | if !(x > 0) {
stmt.go:11:5 Step condition "cond -> true" viable=true | if true {
stmt.go:11:5 Step condition "cond -> false" viable=true | if false {
stmt.go:11:7 Step relational "> -> >=" viable=true | if x >= 0 {
stmt.go:12:3 Step voidcall "call -> removed" viable=true | func() {
stmt.go:14:22 Step negation "cond -> !(cond)" viable=true | for record("init"); !(x < 3); record("post") {
stmt.go:14:6 Step voidcall "call -> removed" viable=true | for func() {
stmt.go:14:24 Step relational "< -> <=" viable=true | for record("init"); x <= 3; record("post") {
stmt.go:14:29 Step voidcall "call -> removed" viable=true | for record("init"); x < 3; func() {
stmt.go:15:3 Step incdec "++ -> --" viable=true | x--
stmt.go:18:5 Step negation "cond -> !(cond)" viable=true | if !(x == 0) {
stmt.go:18:5 Step condition "cond -> true" viable=true | if true {
stmt.go:18:5 Step condition "cond -> false" viable=true | if false {
stmt.go:18:7 Step relational "== -> !=" viable=true | if x != 0 {
stmt.go:21:2 Step return "return -> zero values" viable=true | return 0
stmt.go:29:5 Named negation "cond -> !(cond)" viable=true | if !(f) {
stmt.go:29:5 Named condition "cond -> true" viable=true | if true {
stmt.go:29:5 Named condition "cond -> false" viable=true | if false {
stmt.go:30:3 Named return "return -> zero values" viable=true | return 0
